============================= test session starts =============================
platform win32 -- Python 3.13.5, pytest-9.0.2, pluggy-1.6.0 -- C:\Python313\python.exe
cachedir: .pytest_cache
rootdir: C:\AppServ\www\3F
plugins: anyio-4.12.1
collecting ... collected 3 items

backend/tests/test_transactions_api.py::test_create_transaction_integration FAILED [ 33%]
backend/tests/test_transactions_api.py::test_list_transactions_paginated FAILED [ 66%]
backend/tests/test_transactions_api.py::test_delete_transaction FAILED   [100%]

================================== FAILURES ===================================
_____________________ test_create_transaction_integration _____________________

client = <starlette.testclient.TestClient object at 0x0000017118980830>
session = <sqlmodel.orm.session.Session object at 0x00000171189806E0>

    def test_create_transaction_integration(client: TestClient, session: Session):
        # 1. Prerrequisites: User, Currency, Account
        user = Usuario(email="test@example.com", password="hash")
        session.add(user)
        divisa = Divisa(nombre_divisa="Peso", codigo_iso="ARS", tipo_divisa="Fiat")
        session.add(divisa)
        session.commit()
        session.refresh(user)
        session.refresh(divisa)
    
        cuenta = ListaCuentas(nombre_cuenta="Test Account", tipo_cuenta="Efectivo", id_divisa=divisa.id_divisa)
        session.add(cuenta)
        session.commit()
        session.refresh(cuenta)
    
        # Mock authentication
        def get_current_user_override():
            return user
        from backend.main import app
        app.dependency_overrides[get_current_user] = get_current_user_override
    
        # 2. POST Request
        tx_data = {
            "id_cuenta": cuenta.id_cuenta,
            "fecha_transaccion": "2024-02-05T00:00:00",
            "monto_transaccion": 1500.50,
            "id_beneficiario": None,
            "id_categoria": None,
            "notas": "Integration Test TX",
            "codigo_transaccion": "Withdrawal",
            "es_dividida": False,
            "etiquetas": []
        }
    
        response = client.post("/api/transacciones/", json=tx_data)
    
        # 3. Assertions
>       assert response.status_code == 200
E       assert 422 == 200
E        +  where 422 = <Response [422 Unprocessable Entity]>.status_code

backend\tests\test_transactions_api.py:44: AssertionError
---------------------------- Captured stdout call -----------------------------
2026-02-05 16:49:53 - asyncio                        - DEBUG    - Using proactor: IocpProactor
2026-02-05 16:49:53 - httpx                          - INFO     - HTTP Request: POST http://testserver/api/transacciones/ "HTTP/1.1 422 Unprocessable Entity"
------------------------------ Captured log call ------------------------------
DEBUG    asyncio:proactor_events.py:631 Using proactor: IocpProactor
INFO     httpx:_client.py:1025 HTTP Request: POST http://testserver/api/transacciones/ "HTTP/1.1 422 Unprocessable Entity"
______________________ test_list_transactions_paginated _______________________

self = <sqlalchemy.engine.base.Connection object at 0x0000017118AFB050>
dialect = <sqlalchemy.dialects.sqlite.pysqlite.SQLiteDialect_pysqlite object at 0x0000017118B30690>
context = <sqlalchemy.dialects.sqlite.base.SQLiteExecutionContext object at 0x0000017118BE0DD0>
statement = <sqlalchemy.dialects.sqlite.base.SQLiteCompiler object at 0x0000017118AFAE50>
parameters = [('List Account', None, None, 'Open', None, None, ...)]

    def _exec_single_context(
        self,
        dialect: Dialect,
        context: ExecutionContext,
        statement: Union[str, Compiled],
        parameters: Optional[_AnyMultiExecuteParams],
    ) -> CursorResult[Any]:
        """continue the _execute_context() method for a single DBAPI
        cursor.execute() or cursor.executemany() call.
    
        """
        if dialect.bind_typing is BindTyping.SETINPUTSIZES:
            generic_setinputsizes = context._prepare_set_input_sizes()
    
            if generic_setinputsizes:
                try:
                    dialect.do_set_input_sizes(
                        context.cursor, generic_setinputsizes, context
                    )
                except BaseException as e:
                    self._handle_dbapi_exception(
                        e, str(statement), parameters, None, context
                    )
    
        cursor, str_statement, parameters = (
            context.cursor,
            context.statement,
            context.parameters,
        )
    
        effective_parameters: Optional[_AnyExecuteParams]
    
        if not context.executemany:
            effective_parameters = parameters[0]
        else:
            effective_parameters = parameters
    
        if self._has_events or self.engine._has_events:
            for fn in self.dispatch.before_cursor_execute:
                str_statement, effective_parameters = fn(
                    self,
                    cursor,
                    str_statement,
                    effective_parameters,
                    context,
                    context.executemany,
                )
    
        if self._echo:
            self._log_info(str_statement)
    
            stats = context._get_cache_stats()
    
            if not self.engine.hide_parameters:
                self._log_info(
                    "[%s] %r",
                    stats,
                    sql_util._repr_params(
                        effective_parameters,
                        batches=10,
                        ismulti=context.executemany,
                    ),
                )
            else:
                self._log_info(
                    "[%s] [SQL parameters hidden due to hide_parameters=True]",
                    stats,
                )
    
        evt_handled: bool = False
        try:
            if context.execute_style is ExecuteStyle.EXECUTEMANY:
                effective_parameters = cast(
                    "_CoreMultiExecuteParams", effective_parameters
                )
                if self.dialect._has_events:
                    for fn in self.dialect.dispatch.do_executemany:
                        if fn(
                            cursor,
                            str_statement,
                            effective_parameters,
                            context,
                        ):
                            evt_handled = True
                            break
                if not evt_handled:
                    self.dialect.do_executemany(
                        cursor,
                        str_statement,
                        effective_parameters,
                        context,
                    )
            elif not effective_parameters and context.no_parameters:
                if self.dialect._has_events:
                    for fn in self.dialect.dispatch.do_execute_no_params:
                        if fn(cursor, str_statement, context):
                            evt_handled = True
                            break
                if not evt_handled:
                    self.dialect.do_execute_no_params(
                        cursor, str_statement, context
                    )
            else:
                effective_parameters = cast(
                    "_CoreSingleExecuteParams", effective_parameters
                )
                if self.dialect._has_events:
                    for fn in self.dialect.dispatch.do_execute:
                        if fn(
                            cursor,
                            str_statement,
                            effective_parameters,
                            context,
                        ):
                            evt_handled = True
                            break
                if not evt_handled:
>                   self.dialect.do_execute(
                        cursor, str_statement, effective_parameters, context
                    )

C:\Users\flagd\AppData\Roaming\Python\Python313\site-packages\sqlalchemy\engine\base.py:1967: 
_ _ _ _ _ _ _ _ _ _ _ _ _ _ _ _ _ _ _ _ _ _ _ _ _ _ _ _ _ _ _ _ _ _ _ _ _ _ _ _

self = <sqlalchemy.dialects.sqlite.pysqlite.SQLiteDialect_pysqlite object at 0x0000017118B30690>
cursor = <sqlite3.Cursor object at 0x0000017118BDAEC0>
statement = 'INSERT INTO lista_cuentas (nombre_cuenta, tipo_cuenta, numero_cuenta, estado, notas, entidad_financiera, sitio_web, i...echa_vencimiento_pago, pago_minimo, fecha_inicial) VALUES (?, ?, ?, ?, ?, ?, ?, ?, ?, ?, ?, ?, ?, ?, ?, ?, ?, ?, ?, ?)'
parameters = ('List Account', None, None, 'Open', None, None, ...)
context = <sqlalchemy.dialects.sqlite.base.SQLiteExecutionContext object at 0x0000017118BE0DD0>

    def do_execute(self, cursor, statement, parameters, context=None):
>       cursor.execute(statement, parameters)
E       sqlite3.IntegrityError: NOT NULL constraint failed: lista_cuentas.tipo_cuenta

C:\Users\flagd\AppData\Roaming\Python\Python313\site-packages\sqlalchemy\engine\default.py:952: IntegrityError

The above exception was the direct cause of the following exception:

client = <starlette.testclient.TestClient object at 0x000001711886EC10>
session = <sqlmodel.orm.session.Session object at 0x0000017118B311D0>

    def test_list_transactions_paginated(client: TestClient, session: Session):
        # Setup multiple transactions
        divisa = Divisa(nombre_divisa="Peso", codigo_iso="ARS", tipo_divisa="Fiat")
        session.add(divisa)
        session.commit()
        session.refresh(divisa)
    
        cuenta = ListaCuentas(nombre_cuenta="List Account", id_divisa=divisa.id_divisa)
        session.add(cuenta)
>       session.commit()

backend\tests\test_transactions_api.py:63: 
_ _ _ _ _ _ _ _ _ _ _ _ _ _ _ _ _ _ _ _ _ _ _ _ _ _ _ _ _ _ _ _ _ _ _ _ _ _ _ _
C:\Users\flagd\AppData\Roaming\Python\Python313\site-packages\sqlalchemy\orm\session.py:2030: in commit
    trans.commit(_to_root=True)
<string>:2: in commit
    ???
C:\Users\flagd\AppData\Roaming\Python\Python313\site-packages\sqlalchemy\orm\state_changes.py:137: in _go
    ret_value = fn(self, *arg, **kw)
                ^^^^^^^^^^^^^^^^^^^^
C:\Users\flagd\AppData\Roaming\Python\Python313\site-packages\sqlalchemy\orm\session.py:1311: in commit
    self._prepare_impl()
<string>:2: in _prepare_impl
    ???
C:\Users\flagd\AppData\Roaming\Python\Python313\site-packages\sqlalchemy\orm\state_changes.py:137: in _go
    ret_value = fn(self, *arg, **kw)
                ^^^^^^^^^^^^^^^^^^^^
C:\Users\flagd\AppData\Roaming\Python\Python313\site-packages\sqlalchemy\orm\session.py:1286: in _prepare_impl
    self.session.flush()
C:\Users\flagd\AppData\Roaming\Python\Python313\site-packages\sqlalchemy\orm\session.py:4331: in flush
    self._flush(objects)
C:\Users\flagd\AppData\Roaming\Python\Python313\site-packages\sqlalchemy\orm\session.py:4466: in _flush
    with util.safe_reraise():
         ^^^^^^^^^^^^^^^^^^^
C:\Users\flagd\AppData\Roaming\Python\Python313\site-packages\sqlalchemy\util\langhelpers.py:224: in __exit__
    raise exc_value.with_traceback(exc_tb)
C:\Users\flagd\AppData\Roaming\Python\Python313\site-packages\sqlalchemy\orm\session.py:4427: in _flush
    flush_context.execute()
C:\Users\flagd\AppData\Roaming\Python\Python313\site-packages\sqlalchemy\orm\unitofwork.py:466: in execute
    rec.execute(self)
C:\Users\flagd\AppData\Roaming\Python\Python313\site-packages\sqlalchemy\orm\unitofwork.py:642: in execute
    util.preloaded.orm_persistence.save_obj(
C:\Users\flagd\AppData\Roaming\Python\Python313\site-packages\sqlalchemy\orm\persistence.py:93: in save_obj
    _emit_insert_statements(
C:\Users\flagd\AppData\Roaming\Python\Python313\site-packages\sqlalchemy\orm\persistence.py:1233: in _emit_insert_statements
    result = connection.execute(
C:\Users\flagd\AppData\Roaming\Python\Python313\site-packages\sqlalchemy\engine\base.py:1419: in execute
    return meth(
C:\Users\flagd\AppData\Roaming\Python\Python313\site-packages\sqlalchemy\sql\elements.py:527: in _execute_on_connection
    return connection._execute_clauseelement(
C:\Users\flagd\AppData\Roaming\Python\Python313\site-packages\sqlalchemy\engine\base.py:1641: in _execute_clauseelement
    ret = self._execute_context(
C:\Users\flagd\AppData\Roaming\Python\Python313\site-packages\sqlalchemy\engine\base.py:1846: in _execute_context
    return self._exec_single_context(
C:\Users\flagd\AppData\Roaming\Python\Python313\site-packages\sqlalchemy\engine\base.py:1986: in _exec_single_context
    self._handle_dbapi_exception(
C:\Users\flagd\AppData\Roaming\Python\Python313\site-packages\sqlalchemy\engine\base.py:2363: in _handle_dbapi_exception
    raise sqlalchemy_exception.with_traceback(exc_info[2]) from e
C:\Users\flagd\AppData\Roaming\Python\Python313\site-packages\sqlalchemy\engine\base.py:1967: in _exec_single_context
    self.dialect.do_execute(
_ _ _ _ _ _ _ _ _ _ _ _ _ _ _ _ _ _ _ _ _ _ _ _ _ _ _ _ _ _ _ _ _ _ _ _ _ _ _ _

self = <sqlalchemy.dialects.sqlite.pysqlite.SQLiteDialect_pysqlite object at 0x0000017118B30690>
cursor = <sqlite3.Cursor object at 0x0000017118BDAEC0>
statement = 'INSERT INTO lista_cuentas (nombre_cuenta, tipo_cuenta, numero_cuenta, estado, notas, entidad_financiera, sitio_web, i...echa_vencimiento_pago, pago_minimo, fecha_inicial) VALUES (?, ?, ?, ?, ?, ?, ?, ?, ?, ?, ?, ?, ?, ?, ?, ?, ?, ?, ?, ?)'
parameters = ('List Account', None, None, 'Open', None, None, ...)
context = <sqlalchemy.dialects.sqlite.base.SQLiteExecutionContext object at 0x0000017118BE0DD0>

    def do_execute(self, cursor, statement, parameters, context=None):
>       cursor.execute(statement, parameters)
E       sqlalchemy.exc.IntegrityError: (sqlite3.IntegrityError) NOT NULL constraint failed: lista_cuentas.tipo_cuenta
E       [SQL: INSERT INTO lista_cuentas (nombre_cuenta, tipo_cuenta, numero_cuenta, estado, notas, entidad_financiera, sitio_web, info_contacto, info_acceso, saldo_inicial, cuenta_favorita, id_divisa, extracto_bloqueado, fecha_extracto, saldo_minimo, limite_credito, tasa_interes, fecha_vencimiento_pago, pago_minimo, fecha_inicial) VALUES (?, ?, ?, ?, ?, ?, ?, ?, ?, ?, ?, ?, ?, ?, ?, ?, ?, ?, ?, ?)]
E       [parameters: ('List Account', None, None, 'Open', None, None, None, None, None, 0.0, 0, 1, 0, None, 0.0, 0.0, 0.0, None, 0.0, None)]
E       (Background on this error at: https://sqlalche.me/e/20/gkpj)

C:\Users\flagd\AppData\Roaming\Python\Python313\site-packages\sqlalchemy\engine\default.py:952: IntegrityError
___________________________ test_delete_transaction ___________________________

self = <sqlalchemy.engine.base.Connection object at 0x0000017118AC2DD0>
dialect = <sqlalchemy.dialects.sqlite.pysqlite.SQLiteDialect_pysqlite object at 0x0000017118978550>
context = <sqlalchemy.dialects.sqlite.base.SQLiteExecutionContext object at 0x0000017118BE2B10>
statement = <sqlalchemy.dialects.sqlite.base.SQLiteCompiler object at 0x0000017118AF8A50>
parameters = [('Del Account', None, None, 'Open', None, None, ...)]

    def _exec_single_context(
        self,
        dialect: Dialect,
        context: ExecutionContext,
        statement: Union[str, Compiled],
        parameters: Optional[_AnyMultiExecuteParams],
    ) -> CursorResult[Any]:
        """continue the _execute_context() method for a single DBAPI
        cursor.execute() or cursor.executemany() call.
    
        """
        if dialect.bind_typing is BindTyping.SETINPUTSIZES:
            generic_setinputsizes = context._prepare_set_input_sizes()
    
            if generic_setinputsizes:
                try:
                    dialect.do_set_input_sizes(
                        context.cursor, generic_setinputsizes, context
                    )
                except BaseException as e:
                    self._handle_dbapi_exception(
                        e, str(statement), parameters, None, context
                    )
    
        cursor, str_statement, parameters = (
            context.cursor,
            context.statement,
            context.parameters,
        )
    
        effective_parameters: Optional[_AnyExecuteParams]
    
        if not context.executemany:
            effective_parameters = parameters[0]
        else:
            effective_parameters = parameters
    
        if self._has_events or self.engine._has_events:
            for fn in self.dispatch.before_cursor_execute:
                str_statement, effective_parameters = fn(
                    self,
                    cursor,
                    str_statement,
                    effective_parameters,
                    context,
                    context.executemany,
                )
    
        if self._echo:
            self._log_info(str_statement)
    
            stats = context._get_cache_stats()
    
            if not self.engine.hide_parameters:
                self._log_info(
                    "[%s] %r",
                    stats,
                    sql_util._repr_params(
                        effective_parameters,
                        batches=10,
                        ismulti=context.executemany,
                    ),
                )
            else:
                self._log_info(
                    "[%s] [SQL parameters hidden due to hide_parameters=True]",
                    stats,
                )
    
        evt_handled: bool = False
        try:
            if context.execute_style is ExecuteStyle.EXECUTEMANY:
                effective_parameters = cast(
                    "_CoreMultiExecuteParams", effective_parameters
                )
                if self.dialect._has_events:
                    for fn in self.dialect.dispatch.do_executemany:
                        if fn(
                            cursor,
                            str_statement,
                            effective_parameters,
                            context,
                        ):
                            evt_handled = True
                            break
                if not evt_handled:
                    self.dialect.do_executemany(
                        cursor,
                        str_statement,
                        effective_parameters,
                        context,
                    )
            elif not effective_parameters and context.no_parameters:
                if self.dialect._has_events:
                    for fn in self.dialect.dispatch.do_execute_no_params:
                        if fn(cursor, str_statement, context):
                            evt_handled = True
                            break
                if not evt_handled:
                    self.dialect.do_execute_no_params(
                        cursor, str_statement, context
                    )
            else:
                effective_parameters = cast(
                    "_CoreSingleExecuteParams", effective_parameters
                )
                if self.dialect._has_events:
                    for fn in self.dialect.dispatch.do_execute:
                        if fn(
                            cursor,
                            str_statement,
                            effective_parameters,
                            context,
                        ):
                            evt_handled = True
                            break
                if not evt_handled:
>                   self.dialect.do_execute(
                        cursor, str_statement, effective_parameters, context
                    )

C:\Users\flagd\AppData\Roaming\Python\Python313\site-packages\sqlalchemy\engine\base.py:1967: 
_ _ _ _ _ _ _ _ _ _ _ _ _ _ _ _ _ _ _ _ _ _ _ _ _ _ _ _ _ _ _ _ _ _ _ _ _ _ _ _

self = <sqlalchemy.dialects.sqlite.pysqlite.SQLiteDialect_pysqlite object at 0x0000017118978550>
cursor = <sqlite3.Cursor object at 0x0000017119A02B40>
statement = 'INSERT INTO lista_cuentas (nombre_cuenta, tipo_cuenta, numero_cuenta, estado, notas, entidad_financiera, sitio_web, i...echa_vencimiento_pago, pago_minimo, fecha_inicial) VALUES (?, ?, ?, ?, ?, ?, ?, ?, ?, ?, ?, ?, ?, ?, ?, ?, ?, ?, ?, ?)'
parameters = ('Del Account', None, None, 'Open', None, None, ...)
context = <sqlalchemy.dialects.sqlite.base.SQLiteExecutionContext object at 0x0000017118BE2B10>

    def do_execute(self, cursor, statement, parameters, context=None):
>       cursor.execute(statement, parameters)
E       sqlite3.IntegrityError: NOT NULL constraint failed: lista_cuentas.tipo_cuenta

C:\Users\flagd\AppData\Roaming\Python\Python313\site-packages\sqlalchemy\engine\default.py:952: IntegrityError

The above exception was the direct cause of the following exception:

client = <starlette.testclient.TestClient object at 0x00000171189787D0>
session = <sqlmodel.orm.session.Session object at 0x000001711897AE90>

    def test_delete_transaction(client: TestClient, session: Session):
        # Setup user and tx
        user = Usuario(email="del@example.com", password="hash")
        session.add(user)
        divisa = Divisa(nombre_divisa="Peso", codigo_iso="ARS", tipo_divisa="Fiat")
        session.add(divisa)
        session.commit()
        session.refresh(user)
        session.refresh(divisa)
    
        cuenta = ListaCuentas(id_divisa=divisa.id_divisa, nombre_cuenta="Del Account")
        session.add(cuenta)
>       session.commit()

backend\tests\test_transactions_api.py:97: 
_ _ _ _ _ _ _ _ _ _ _ _ _ _ _ _ _ _ _ _ _ _ _ _ _ _ _ _ _ _ _ _ _ _ _ _ _ _ _ _
C:\Users\flagd\AppData\Roaming\Python\Python313\site-packages\sqlalchemy\orm\session.py:2030: in commit
    trans.commit(_to_root=True)
<string>:2: in commit
    ???
C:\Users\flagd\AppData\Roaming\Python\Python313\site-packages\sqlalchemy\orm\state_changes.py:137: in _go
    ret_value = fn(self, *arg, **kw)
                ^^^^^^^^^^^^^^^^^^^^
C:\Users\flagd\AppData\Roaming\Python\Python313\site-packages\sqlalchemy\orm\session.py:1311: in commit
    self._prepare_impl()
<string>:2: in _prepare_impl
    ???
C:\Users\flagd\AppData\Roaming\Python\Python313\site-packages\sqlalchemy\orm\state_changes.py:137: in _go
    ret_value = fn(self, *arg, **kw)
                ^^^^^^^^^^^^^^^^^^^^
C:\Users\flagd\AppData\Roaming\Python\Python313\site-packages\sqlalchemy\orm\session.py:1286: in _prepare_impl
    self.session.flush()
C:\Users\flagd\AppData\Roaming\Python\Python313\site-packages\sqlalchemy\orm\session.py:4331: in flush
    self._flush(objects)
C:\Users\flagd\AppData\Roaming\Python\Python313\site-packages\sqlalchemy\orm\session.py:4466: in _flush
    with util.safe_reraise():
         ^^^^^^^^^^^^^^^^^^^
C:\Users\flagd\AppData\Roaming\Python\Python313\site-packages\sqlalchemy\util\langhelpers.py:224: in __exit__
    raise exc_value.with_traceback(exc_tb)
C:\Users\flagd\AppData\Roaming\Python\Python313\site-packages\sqlalchemy\orm\session.py:4427: in _flush
    flush_context.execute()
C:\Users\flagd\AppData\Roaming\Python\Python313\site-packages\sqlalchemy\orm\unitofwork.py:466: in execute
    rec.execute(self)
C:\Users\flagd\AppData\Roaming\Python\Python313\site-packages\sqlalchemy\orm\unitofwork.py:642: in execute
    util.preloaded.orm_persistence.save_obj(
C:\Users\flagd\AppData\Roaming\Python\Python313\site-packages\sqlalchemy\orm\persistence.py:93: in save_obj
    _emit_insert_statements(
C:\Users\flagd\AppData\Roaming\Python\Python313\site-packages\sqlalchemy\orm\persistence.py:1233: in _emit_insert_statements
    result = connection.execute(
C:\Users\flagd\AppData\Roaming\Python\Python313\site-packages\sqlalchemy\engine\base.py:1419: in execute
    return meth(
C:\Users\flagd\AppData\Roaming\Python\Python313\site-packages\sqlalchemy\sql\elements.py:527: in _execute_on_connection
    return connection._execute_clauseelement(
C:\Users\flagd\AppData\Roaming\Python\Python313\site-packages\sqlalchemy\engine\base.py:1641: in _execute_clauseelement
    ret = self._execute_context(
C:\Users\flagd\AppData\Roaming\Python\Python313\site-packages\sqlalchemy\engine\base.py:1846: in _execute_context
    return self._exec_single_context(
C:\Users\flagd\AppData\Roaming\Python\Python313\site-packages\sqlalchemy\engine\base.py:1986: in _exec_single_context
    self._handle_dbapi_exception(
C:\Users\flagd\AppData\Roaming\Python\Python313\site-packages\sqlalchemy\engine\base.py:2363: in _handle_dbapi_exception
    raise sqlalchemy_exception.with_traceback(exc_info[2]) from e
C:\Users\flagd\AppData\Roaming\Python\Python313\site-packages\sqlalchemy\engine\base.py:1967: in _exec_single_context
    self.dialect.do_execute(
_ _ _ _ _ _ _ _ _ _ _ _ _ _ _ _ _ _ _ _ _ _ _ _ _ _ _ _ _ _ _ _ _ _ _ _ _ _ _ _

self = <sqlalchemy.dialects.sqlite.pysqlite.SQLiteDialect_pysqlite object at 0x0000017118978550>
cursor = <sqlite3.Cursor object at 0x0000017119A02B40>
statement = 'INSERT INTO lista_cuentas (nombre_cuenta, tipo_cuenta, numero_cuenta, estado, notas, entidad_financiera, sitio_web, i...echa_vencimiento_pago, pago_minimo, fecha_inicial) VALUES (?, ?, ?, ?, ?, ?, ?, ?, ?, ?, ?, ?, ?, ?, ?, ?, ?, ?, ?, ?)'
parameters = ('Del Account', None, None, 'Open', None, None, ...)
context = <sqlalchemy.dialects.sqlite.base.SQLiteExecutionContext object at 0x0000017118BE2B10>

    def do_execute(self, cursor, statement, parameters, context=None):
>       cursor.execute(statement, parameters)
E       sqlalchemy.exc.IntegrityError: (sqlite3.IntegrityError) NOT NULL constraint failed: lista_cuentas.tipo_cuenta
E       [SQL: INSERT INTO lista_cuentas (nombre_cuenta, tipo_cuenta, numero_cuenta, estado, notas, entidad_financiera, sitio_web, info_contacto, info_acceso, saldo_inicial, cuenta_favorita, id_divisa, extracto_bloqueado, fecha_extracto, saldo_minimo, limite_credito, tasa_interes, fecha_vencimiento_pago, pago_minimo, fecha_inicial) VALUES (?, ?, ?, ?, ?, ?, ?, ?, ?, ?, ?, ?, ?, ?, ?, ?, ?, ?, ?, ?)]
E       [parameters: ('Del Account', None, None, 'Open', None, None, None, None, None, 0.0, 0, 1, 0, None, 0.0, 0.0, 0.0, None, 0.0, None)]
E       (Background on this error at: https://sqlalche.me/e/20/gkpj)

C:\Users\flagd\AppData\Roaming\Python\Python313\site-packages\sqlalchemy\engine\default.py:952: IntegrityError
============================== warnings summary ===============================
backend\core\config.py:51
  C:\AppServ\www\3F\backend\core\config.py:51: PydanticDeprecatedSince20: Pydantic V1 style `@validator` validators are deprecated. You should migrate to Pydantic V2 style `@field_validator` validators, see the migration guide for more details. Deprecated in Pydantic V2.0 to be removed in V3.0. See Pydantic V2 Migration Guide at https://errors.pydantic.dev/2.12/migration/
    @validator("DATABASE_URL")

backend\core\config.py:61
  C:\AppServ\www\3F\backend\core\config.py:61: PydanticDeprecatedSince20: Pydantic V1 style `@validator` validators are deprecated. You should migrate to Pydantic V2 style `@field_validator` validators, see the migration guide for more details. Deprecated in Pydantic V2.0 to be removed in V3.0. See Pydantic V2 Migration Guide at https://errors.pydantic.dev/2.12/migration/
    @validator("ENVIRONMENT")

backend\core\config.py:69
  C:\AppServ\www\3F\backend\core\config.py:69: PydanticDeprecatedSince20: Pydantic V1 style `@validator` validators are deprecated. You should migrate to Pydantic V2 style `@field_validator` validators, see the migration guide for more details. Deprecated in Pydantic V2.0 to be removed in V3.0. See Pydantic V2 Migration Guide at https://errors.pydantic.dev/2.12/migration/
    @validator("SECRET_KEY")

backend\core\config.py:78
  C:\AppServ\www\3F\backend\core\config.py:78: PydanticDeprecatedSince20: Pydantic V1 style `@validator` validators are deprecated. You should migrate to Pydantic V2 style `@field_validator` validators, see the migration guide for more details. Deprecated in Pydantic V2.0 to be removed in V3.0. See Pydantic V2 Migration Guide at https://errors.pydantic.dev/2.12/migration/
    @validator("CORS_ORIGINS", pre=True)

..\..\..\Users\flagd\AppData\Roaming\Python\Python313\site-packages\pythonjsonlogger\jsonlogger.py:11
  C:\Users\flagd\AppData\Roaming\Python\Python313\site-packages\pythonjsonlogger\jsonlogger.py:11: DeprecationWarning: pythonjsonlogger.jsonlogger has been moved to pythonjsonlogger.json
    warnings.warn(

..\..\..\Users\flagd\AppData\Roaming\Python\Python313\site-packages\sqlmodel\main.py:534
..\..\..\Users\flagd\AppData\Roaming\Python\Python313\site-packages\sqlmodel\main.py:534
  C:\Users\flagd\AppData\Roaming\Python\Python313\site-packages\sqlmodel\main.py:534: PydanticDeprecatedSince20: Support for class-based `config` is deprecated, use ConfigDict instead. Deprecated in Pydantic V2.0 to be removed in V3.0. See Pydantic V2 Migration Guide at https://errors.pydantic.dev/2.12/migration/
    new_cls = super().__new__(cls, name, bases, dict_used, **config_kwargs)

backend\api\auth\schemas.py:19
  C:\AppServ\www\3F\backend\api\auth\schemas.py:19: PydanticDeprecatedSince20: Support for class-based `config` is deprecated, use ConfigDict instead. Deprecated in Pydantic V2.0 to be removed in V3.0. See Pydantic V2 Migration Guide at https://errors.pydantic.dev/2.12/migration/
    class UsuarioLectura(BaseModel): # Renombrado a espa±ol

backend\api\accounts\schemas_divisa.py:19
  C:\AppServ\www\3F\backend\api\accounts\schemas_divisa.py:19: PydanticDeprecatedSince20: Support for class-based `config` is deprecated, use ConfigDict instead. Deprecated in Pydantic V2.0 to be removed in V3.0. See Pydantic V2 Migration Guide at https://errors.pydantic.dev/2.12/migration/
    class DivisaLectura(DivisaBase): # Renombrado

backend\api\accounts\schemas.py:23
  C:\AppServ\www\3F\backend\api\accounts\schemas.py:23: PydanticDeprecatedSince20: Support for class-based `config` is deprecated, use ConfigDict instead. Deprecated in Pydantic V2.0 to be removed in V3.0. See Pydantic V2 Migration Guide at https://errors.pydantic.dev/2.12/migration/
    class CuentaLectura(CuentaBase): # Renombrado

backend\api\categories\schemas.py:14
  C:\AppServ\www\3F\backend\api\categories\schemas.py:14: PydanticDeprecatedSince20: Support for class-based `config` is deprecated, use ConfigDict instead. Deprecated in Pydantic V2.0 to be removed in V3.0. See Pydantic V2 Migration Guide at https://errors.pydantic.dev/2.12/migration/
    class CategoriaLectura(CategoriaBase): # Renombrado

backend\api\categories\schemas.py:23
  C:\AppServ\www\3F\backend\api\categories\schemas.py:23: PydanticDeprecatedSince20: The `update_forward_refs` method is deprecated; use `model_rebuild` instead. Deprecated in Pydantic V2.0 to be removed in V3.0. See Pydantic V2 Migration Guide at https://errors.pydantic.dev/2.12/migration/
    CategoriaArbol.update_forward_refs()

backend\api\beneficiaries\schemas.py:22
  C:\AppServ\www\3F\backend\api\beneficiaries\schemas.py:22: PydanticDeprecatedSince20: Support for class-based `config` is deprecated, use ConfigDict instead. Deprecated in Pydantic V2.0 to be removed in V3.0. See Pydantic V2 Migration Guide at https://errors.pydantic.dev/2.12/migration/
    class BeneficiarioLectura(BeneficiarioBase): # Renombrado

backend\api\transactions\schemas.py:38
  C:\AppServ\www\3F\backend\api\transactions\schemas.py:38: PydanticDeprecatedSince20: Support for class-based `config` is deprecated, use ConfigDict instead. Deprecated in Pydantic V2.0 to be removed in V3.0. See Pydantic V2 Migration Guide at https://errors.pydantic.dev/2.12/migration/
    class TransaccionLectura(TransaccionBase):

backend\core\ia_service.py:1
  C:\AppServ\www\3F\backend\core\ia_service.py:1: FutureWarning: 
  
  All support for the `google.generativeai` package has ended. It will no longer be receiving 
  updates or bug fixes. Please switch to the `google.genai` package as soon as possible.
  See README for more details:
  
  https://github.com/google-gemini/deprecated-generative-ai-python/blob/main/README.md
  
    import google.generativeai as genai

backend\api\budgets\schemas.py:16
  C:\AppServ\www\3F\backend\api\budgets\schemas.py:16: PydanticDeprecatedSince20: Support for class-based `config` is deprecated, use ConfigDict instead. Deprecated in Pydantic V2.0 to be removed in V3.0. See Pydantic V2 Migration Guide at https://errors.pydantic.dev/2.12/migration/
    class PresupuestoLectura(PresupuestoBase):

backend\api\tags\schemas.py:25
  C:\AppServ\www\3F\backend\api\tags\schemas.py:25: PydanticDeprecatedSince20: Support for class-based `config` is deprecated, use ConfigDict instead. Deprecated in Pydantic V2.0 to be removed in V3.0. See Pydantic V2 Migration Guide at https://errors.pydantic.dev/2.12/migration/
    class EtiquetaResponse(EtiquetaBase):

backend\api\tags\schemas.py:36
  C:\AppServ\www\3F\backend\api\tags\schemas.py:36: PydanticDeprecatedSince20: Support for class-based `config` is deprecated, use ConfigDict instead. Deprecated in Pydantic V2.0 to be removed in V3.0. See Pydantic V2 Migration Guide at https://errors.pydantic.dev/2.12/migration/
    class TransaccionEtiquetaResponse(BaseModel):

backend\api\attachments\schemas.py:19
  C:\AppServ\www\3F\backend\api\attachments\schemas.py:19: PydanticDeprecatedSince20: Support for class-based `config` is deprecated, use ConfigDict instead. Deprecated in Pydantic V2.0 to be removed in V3.0. See Pydantic V2 Migration Guide at https://errors.pydantic.dev/2.12/migration/
    class AdjuntoResponse(AdjuntoBase):

backend\api\currency_history\schemas.py:26
  C:\AppServ\www\3F\backend\api\currency_history\schemas.py:26: PydanticDeprecatedSince20: Support for class-based `config` is deprecated, use ConfigDict instead. Deprecated in Pydantic V2.0 to be removed in V3.0. See Pydantic V2 Migration Guide at https://errors.pydantic.dev/2.12/migration/
    class HistorialDivisaResponse(HistorialDivisaBase):

backend\api\recurring\schemas.py:48
  C:\AppServ\www\3F\backend\api\recurring\schemas.py:48: PydanticDeprecatedSince20: Support for class-based `config` is deprecated, use ConfigDict instead. Deprecated in Pydantic V2.0 to be removed in V3.0. See Pydantic V2 Migration Guide at https://errors.pydantic.dev/2.12/migration/
    class TransaccionRecurrenteResponse(TransaccionRecurrenteBase):

backend\api\assets\schemas.py:34
  C:\AppServ\www\3F\backend\api\assets\schemas.py:34: PydanticDeprecatedSince20: Support for class-based `config` is deprecated, use ConfigDict instead. Deprecated in Pydantic V2.0 to be removed in V3.0. See Pydantic V2 Migration Guide at https://errors.pydantic.dev/2.12/migration/
    class ActivoResponse(ActivoBase):

backend\api\assets\schemas.py:50
  C:\AppServ\www\3F\backend\api\assets\schemas.py:50: PydanticDeprecatedSince20: Support for class-based `config` is deprecated, use ConfigDict instead. Deprecated in Pydantic V2.0 to be removed in V3.0. See Pydantic V2 Migration Guide at https://errors.pydantic.dev/2.12/migration/
    class HistorialActivoResponse(HistorialActivoBase):

backend\api\stocks\schemas.py:32
  C:\AppServ\www\3F\backend\api\stocks\schemas.py:32: PydanticDeprecatedSince20: Support for class-based `config` is deprecated, use ConfigDict instead. Deprecated in Pydantic V2.0 to be removed in V3.0. See Pydantic V2 Migration Guide at https://errors.pydantic.dev/2.12/migration/
    class InversionResponse(InversionBase):

backend\api\stocks\schemas.py:47
  C:\AppServ\www\3F\backend\api\stocks\schemas.py:47: PydanticDeprecatedSince20: Support for class-based `config` is deprecated, use ConfigDict instead. Deprecated in Pydantic V2.0 to be removed in V3.0. See Pydantic V2 Migration Guide at https://errors.pydantic.dev/2.12/migration/
    class HistorialInversionResponse(HistorialInversionBase):

backend\api\config\schemas.py:17
  C:\AppServ\www\3F\backend\api\config\schemas.py:17: PydanticDeprecatedSince20: Support for class-based `config` is deprecated, use ConfigDict instead. Deprecated in Pydantic V2.0 to be removed in V3.0. See Pydantic V2 Migration Guide at https://errors.pydantic.dev/2.12/migration/
    class ConfigResponse(ConfigBase):

backend\api\config\schemas_plugins.py:23
  C:\AppServ\www\3F\backend\api\config\schemas_plugins.py:23: PydanticDeprecatedSince20: Support for class-based `config` is deprecated, use ConfigDict instead. Deprecated in Pydantic V2.0 to be removed in V3.0. See Pydantic V2 Migration Guide at https://errors.pydantic.dev/2.12/migration/
    class PluginRead(PluginBase):

backend\api\custom_fields\schemas.py:26
  C:\AppServ\www\3F\backend\api\custom_fields\schemas.py:26: PydanticDeprecatedSince20: Support for class-based `config` is deprecated, use ConfigDict instead. Deprecated in Pydantic V2.0 to be removed in V3.0. See Pydantic V2 Migration Guide at https://errors.pydantic.dev/2.12/migration/
    class CampoPersonalizadoResponse(CampoPersonalizadoBase):

backend\api\custom_fields\schemas.py:42
  C:\AppServ\www\3F\backend\api\custom_fields\schemas.py:42: PydanticDeprecatedSince20: Support for class-based `config` is deprecated, use ConfigDict instead. Deprecated in Pydantic V2.0 to be removed in V3.0. See Pydantic V2 Migration Guide at https://errors.pydantic.dev/2.12/migration/
    class ValorCampoPersonalizadoResponse(ValorCampoPersonalizadoBase):

backend\api\layouts\schemas.py:10
  C:\AppServ\www\3F\backend\api\layouts\schemas.py:10: PydanticDeprecatedSince20: Support for class-based `config` is deprecated, use ConfigDict instead. Deprecated in Pydantic V2.0 to be removed in V3.0. See Pydantic V2 Migration Guide at https://errors.pydantic.dev/2.12/migration/
    class LayoutSave(BaseModel):

backend\api\layouts\schemas.py:25
  C:\AppServ\www\3F\backend\api\layouts\schemas.py:25: PydanticDeprecatedSince20: Support for class-based `config` is deprecated, use ConfigDict instead. Deprecated in Pydantic V2.0 to be removed in V3.0. See Pydantic V2 Migration Guide at https://errors.pydantic.dev/2.12/migration/
    class LayoutResponse(BaseModel):

backend\main.py:76
  C:\AppServ\www\3F\backend\main.py:76: DeprecationWarning: 
          on_event is deprecated, use lifespan event handlers instead.
  
          Read more about it in the
          [FastAPI docs for Lifespan Events](https://fastapi.tiangolo.com/advanced/events/).
          
    @app.on_event("startup")

..\..\..\Users\flagd\AppData\Roaming\Python\Python313\site-packages\fastapi\applications.py:4576
  C:\Users\flagd\AppData\Roaming\Python\Python313\site-packages\fastapi\applications.py:4576: DeprecationWarning: 
          on_event is deprecated, use lifespan event handlers instead.
  
          Read more about it in the
          [FastAPI docs for Lifespan Events](https://fastapi.tiangolo.com/advanced/events/).
          
    return self.router.on_event(event_type)

backend/tests/test_transactions_api.py::test_create_transaction_integration
backend/tests/test_transactions_api.py::test_create_transaction_integration
backend/tests/test_transactions_api.py::test_delete_transaction
backend/tests/test_transactions_api.py::test_delete_transaction
  C:\Users\flagd\AppData\Roaming\Python\Python313\site-packages\pydantic\fields.py:747: DeprecationWarning: datetime.datetime.utcnow() is deprecated and scheduled for removal in a future version. Use timezone-aware objects to represent datetimes in UTC: datetime.datetime.now(datetime.UTC).
    return fac()

-- Docs: https://docs.pytest.org/en/stable/how-to/capture-warnings.html
=========================== short test summary info ===========================
FAILED backend/tests/test_transactions_api.py::test_create_transaction_integration - assert 422 == 200
 +  where 422 = <Response [422 Unprocessable Entity]>.status_code
FAILED backend/tests/test_transactions_api.py::test_list_transactions_paginated - sqlalchemy.exc.IntegrityError: (sqlite3.IntegrityError) NOT NULL constraint failed: lista_cuentas.tipo_cuenta
[SQL: INSERT INTO lista_cuentas (nombre_cuenta, tipo_cuenta, numero_cuenta, estado, notas, entidad_financiera, sitio_web, info_contacto, info_acceso, saldo_inicial, cuenta_favorita, id_divisa, extracto_bloqueado, fecha_extracto, saldo_minimo, limite_credito, tasa_interes, fecha_vencimiento_pago, pago_minimo, fecha_inicial) VALUES (?, ?, ?, ?, ?, ?, ?, ?, ?, ?, ?, ?, ?, ?, ?, ?, ?, ?, ?, ?)]
[parameters: ('List Account', None, None, 'Open', None, None, None, None, None, 0.0, 0, 1, 0, None, 0.0, 0.0, 0.0, None, 0.0, None)]
(Background on this error at: https://sqlalche.me/e/20/gkpj)
FAILED backend/tests/test_transactions_api.py::test_delete_transaction - sqlalchemy.exc.IntegrityError: (sqlite3.IntegrityError) NOT NULL constraint failed: lista_cuentas.tipo_cuenta
[SQL: INSERT INTO lista_cuentas (nombre_cuenta, tipo_cuenta, numero_cuenta, estado, notas, entidad_financiera, sitio_web, info_contacto, info_acceso, saldo_inicial, cuenta_favorita, id_divisa, extracto_bloqueado, fecha_extracto, saldo_minimo, limite_credito, tasa_interes, fecha_vencimiento_pago, pago_minimo, fecha_inicial) VALUES (?, ?, ?, ?, ?, ?, ?, ?, ?, ?, ?, ?, ?, ?, ?, ?, ?, ?, ?, ?)]
[parameters: ('Del Account', None, None, 'Open', None, None, None, None, None, 0.0, 0, 1, 0, None, 0.0, 0.0, 0.0, None, 0.0, None)]
(Background on this error at: https://sqlalche.me/e/20/gkpj)
======================= 3 failed, 37 warnings in 3.14s ========================
